
                           Design Compiler Graphical 
                                 DC Ultra (TM)
                                  DFTMAX (TM)
                              Power Compiler (TM)
                                 DesignWare (R)
                                 DC Expert (TM)
                               Design Vision (TM)
                               HDL Compiler (TM)
                               VHDL Compiler (TM)
                                  DFT Compiler
                               Design Compiler(R)

                 Version V-2023.12 for linux64 - Nov 27, 2023 

                    Copyright (c) 1988 - 2023 Synopsys, Inc.
   This software and the associated documentation are proprietary to Synopsys,
 Inc. This software may only be used in accordance with the terms and conditions
 of a written license agreement with Synopsys, Inc. All other use, reproduction,
   or distribution of this software is strictly prohibited.  Licensed Products
     communicate with Synopsys servers for the purpose of providing software
    updates, detecting software piracy and verifying that customers are using
    Licensed Products in conformity with the applicable License Key for such
  Licensed Products. Synopsys will use information gathered in connection with
    this process to deliver software updates and pursue software pirates and
                                   infringers.

 Inclusivity & Diversity - Visit SolvNetPlus to read the "Synopsys Statement on
            Inclusivity and Diversity" (Refer to article 000036315 at
                        https://solvnetplus.synopsys.com)
Initializing...
Current time:       Sat Aug  1 11:20:03 2026
Hostname:           acts-eda.pune.cdac.in
CPU Model:          Intel(R) Xeon(R) CPU E5-2680 v3 @ 2.50GHz
CPU Details:        Cores = 48 : Sockets = 2 : Cache Size = 30720 KB : Freq = 1.86 GHz
OS:                 Linux 4.18.0-553.51.1.el8_10.x86_64
RAM:                 62 GB (Free   4 GB)
Swap:                 7 GB (Free   5 GB)
Work Filesystem:    / mounted to /dev/mapper/almalinux-root
Tmp Filesystem:     / mounted to /dev/mapper/almalinux-root
Work Disk:          1370 GB (Free 219 GB)
Tmp Disk:           1370 GB (Free 219 GB)

CPU Load: 0%, Ram Free: 4 GB, Swap Free: 5 GB, Work Disk Free: 219 GB, Tmp Disk Free: 219 GB
Error: could not open script file "/home/DVLSI10/pd_group7/scripts/run_synth_systolic.tcl" (CMD-015)
dc_shell> 